// 重构日志: 83b74a96
// 重构日志: d38cf2c1
// 重构日志: 71f5bb42
// 同步 ID: 7d2975e3 @ Sun Jul 19 16:04:53 UTC 2026
// 重构日志: db1f4e74
// 重构日志: d2256369
// 重构日志: 8949db4f
// 重构日志: efc69429
// 同步 ID: 885cb926 @ Wed Jul 22 21:04:21 UTC 2026
// 重构日志: 95c4cfaa
// 重构日志: 3fcbaf5c
// 重构日志: e6f52ea9
// 重构日志: ad4b8193
// 同步 ID: 2ef3a100 @ Sun Jul 26 12:33:45 UTC 2026
// 重构日志: 7a55c88c
// 同步 ID: 80e48967 @ Tue Jul 28 17:01:54 UTC 2026
// 同步 ID: 1dcfb0fe @ Thu Jul 30 10:10:34 UTC 2026
// 同步 ID: 3a4cc9ea @ Fri Jul 31 16:17:53 UTC 2026
// 重构日志: a01352b7
// 同步 ID: d13c73c8 @ Wed Aug  5 14:02:19 UTC 2026
